
> nextn@0.1.0 build
> next build

node.exe :  ΓÜá 
Warning: Next.js 
inferred your 
workspace root, but 
it may not be correct.
At line:1 char:1
+ & "C:\Program Files\
nodejs/node.exe" "C:\U
sers\Administrator\App
Data\ ...
+ ~~~~~~~~~~~~~~~~~~~~
~~~~~~~~~~~~~~~~~~~~~~
~~~~~~~~~~~~~~~~~~~~~~
~~~~~
    + CategoryInfo    
          : NotSpeci  
  fied: ( ΓÜá Warni   
 ng: N...not be co    
rrect.:String) []    
, RemoteException
    + FullyQualifiedE 
   rrorId : NativeCo  
  mmandError
 
 We detected multiple 
lockfiles and 
selected the 
directory of C:\Users\
Administrator\package-
lock.json as the root 
directory.
 To silence this 
warning, set `outputFi
leTracingRoot` in 
your Next.js config, 
or consider removing 
one of the lockfiles 
if it's not needed.
   See https://nextjs.
org/docs/app/api-refer
ence/config/next-confi
g-js/output#caveats 
for more information.
 Detected additional 
lockfiles: 
   * C:\Users\Administ
rator\Downloads\studio
\frontend\package-lock
.json

   Γû▓ Next.js 15.5.9

   Creating an optimized production build ...
 Γ£ô Compiled successfully in 5.6s
   Skipping validation of types
   Skipping linting
   Collecting page data ...
   Generating static pages (0/33) ...
Error occurred 
prerendering page "/da
shboard/projects". 
Read more: https://nex
tjs.org/docs/messages/
prerender-error
[Error: The `<head>` 
tag may only be 
rendered once.] {
  digest: '3456676221'
}
Export encountered an 
error on /(app)/dashbo
ard/projects/page: 
/dashboard/projects, 
exiting the build.
 Γ¿» Next.js build 
worker exited with 
code: 1 and signal: 
null
